2026-06-16 20:37:35 Backend already running.
2026-06-16 21:41:54 Backend started successfully.
2026-06-17 06:02:02 Backend started successfully.
2026-06-17 10:35:34 Backend started successfully.
2026-06-17 19:08:46 Backend started successfully.
2026-06-17 22:44:00 Backend guard started.
2026-06-18 04:57:03 Backend guard started.
2026-06-18 04:57:05 Backend health failed. Starting backend...
2026-06-18 04:57:10 Backend started successfully.
2026-06-18 10:20:12 Backend guard started.
2026-06-18 10:20:14 Backend health failed. Starting backend...
2026-06-18 10:20:20 Backend started successfully.
2026-06-18 13:28:53 Backend guard started.
2026-06-18 13:28:55 Backend health failed. Starting backend...
2026-06-18 13:29:00 Backend started successfully.
2026-06-19 08:58:23 Backend guard started.
2026-06-19 08:58:25 Backend health failed. Starting backend...
2026-06-19 08:58:30 Backend started successfully.
2026-06-19 15:50:10 Backend guard started.
2026-06-19 15:50:13 Backend health failed. Starting backend...
2026-06-19 15:50:18 Backend started successfully.
2026-06-20 06:34:36 Backend guard started.
2026-06-20 06:34:38 Backend health failed. Starting backend...
2026-06-20 06:34:43 Backend started successfully.
2026-06-20 09:57:27 Backend guard started.
2026-06-20 09:57:29 Backend health failed. Starting backend...
2026-06-20 09:57:35 Backend started successfully.
2026-06-20 15:24:47 Backend guard started.
2026-06-20 15:24:49 Backend health failed. Starting backend...
2026-06-20 15:24:54 Backend started successfully.
2026-06-20 19:20:02 Backend guard started.
2026-06-20 19:20:06 Backend health failed. Starting backend...
2026-06-21 07:37:32 Backend guard started.
2026-06-21 07:37:34 Backend health failed. Starting backend...
2026-06-21 07:37:39 Backend started successfully.
2026-06-21 18:33:42 Backend guard started.
2026-06-21 18:33:45 Backend health failed. Starting backend...
2026-06-21 18:33:50 Backend started successfully.
2026-06-22 22:41:21 Backend guard started.
2026-06-22 22:41:23 Backend health failed. Starting backend...
2026-06-22 22:41:28 Backend started successfully.
2026-06-23 07:02:29 Backend guard started.
2026-06-23 07:02:31 Backend health failed. Starting backend...
2026-06-23 07:02:37 Backend started successfully.
2026-06-23 23:19:51 Backend guard started.
2026-06-23 23:19:53 Backend health failed. Starting backend...
2026-06-23 23:19:58 Backend started successfully.
2026-06-24 13:02:38 Backend guard started.
2026-06-24 13:02:40 Backend health failed. Starting backend...
2026-06-24 19:49:57 Backend guard started.
2026-06-24 19:49:59 Backend health failed. Starting backend...
2026-06-24 19:50:04 Backend started successfully.
2026-06-24 22:34:35 Backend guard started.
2026-06-24 22:34:37 Backend health failed. Starting backend...
2026-06-24 22:34:42 Backend started successfully.
2026-06-25 05:55:49 Backend guard started.
2026-06-25 05:55:51 Backend health failed. Starting backend...
2026-06-25 05:55:56 Backend started successfully.
2026-06-25 15:58:06 Backend guard started.
2026-06-25 15:58:11 Backend health failed. Starting backend...
2026-06-25 22:15:02 Backend guard started.
2026-06-25 22:15:04 Backend health failed. Starting backend...
2026-06-25 22:15:09 Backend started successfully.
2026-06-26 10:58:46 Backend guard started.
2026-06-26 10:58:48 Backend health failed. Starting backend...
2026-06-26 10:58:53 Backend started successfully.
2026-06-27 08:36:35 Backend guard started.
2026-06-27 08:36:37 Backend health failed. Starting backend...
2026-06-27 08:36:42 Backend started successfully.
2026-06-27 14:13:54 Backend guard started.
2026-06-27 14:13:56 Backend health failed. Starting backend...
2026-06-27 14:14:01 Backend started successfully.
2026-06-27 21:03:32 Backend guard started.
2026-06-27 21:03:34 Backend health failed. Starting backend...
2026-06-27 21:03:39 Backend started successfully.
2026-06-28 07:56:57 Backend guard started.
2026-06-28 07:56:59 Backend health failed. Starting backend...
2026-06-28 07:57:04 Backend started successfully.
2026-06-28 16:08:12 Backend guard started.
2026-06-28 16:08:14 Backend health failed. Starting backend...
2026-06-28 16:08:19 Backend started successfully.
2026-06-28 22:49:24 Backend guard started.
2026-06-28 22:49:26 Backend health failed. Starting backend...
2026-06-28 22:49:31 Backend started successfully.
2026-06-29 06:28:16 Backend guard started.
2026-06-29 06:28:18 Backend health failed. Starting backend...
2026-06-29 06:28:23 Backend started successfully.
2026-06-29 13:20:54 Backend guard started.
2026-06-29 13:20:56 Backend health failed. Starting backend...
2026-06-29 13:21:01 Backend started successfully.
2026-06-30 04:25:10 Backend guard started.
2026-06-30 04:25:12 Backend health failed. Starting backend...
2026-06-30 04:25:19 Backend started successfully.
2026-06-30 15:31:50 Backend guard started.
2026-06-30 15:31:52 Backend health failed. Starting backend...
2026-06-30 15:31:58 Backend started successfully.
2026-06-30 19:21:33 Backend guard started.
2026-06-30 19:21:35 Backend health failed. Starting backend...
2026-06-30 19:21:40 Backend started successfully.
2026-06-30 20:58:20 Backend guard started.
2026-06-30 20:58:22 Backend health failed. Starting backend...
2026-07-01 07:20:35 Backend guard started.
2026-07-01 07:20:37 Backend health failed. Starting backend...
2026-07-01 07:20:44 Backend started successfully.
2026-07-01 08:37:49 Backend guard started.
2026-07-01 08:37:51 Backend health failed. Starting backend...
2026-07-01 08:37:56 Backend started successfully.
2026-07-01 17:23:46 Backend guard started.
2026-07-01 17:23:48 Backend health failed. Starting backend...
2026-07-01 17:23:54 Backend started successfully.
2026-07-01 22:25:05 Backend guard started.
2026-07-01 22:25:08 Backend health failed. Starting backend...
2026-07-01 22:25:13 Backend started successfully.
2026-07-01 23:47:44 Backend guard started.
2026-07-01 23:47:46 Backend health failed. Starting backend...
2026-07-01 23:47:53 ERROR backend did not respond after start.
2026-07-02 06:13:34 Backend guard started.
2026-07-02 06:13:36 Backend health failed. Starting backend...
2026-07-02 06:13:41 Backend started successfully.
2026-07-02 13:19:06 Backend guard started.
2026-07-02 13:19:08 Backend health failed. Starting backend...
2026-07-02 13:19:14 Backend started successfully.
2026-07-02 15:33:07 Backend guard started.
2026-07-02 15:33:09 Backend health failed. Starting backend...
2026-07-02 15:33:14 Backend started successfully.
2026-07-03 07:02:23 Backend guard started.
2026-07-03 07:02:25 Backend health failed. Starting backend...
2026-07-03 07:02:30 Backend started successfully.
2026-07-03 13:08:37 Backend guard started.
2026-07-03 13:08:39 Backend health failed. Starting backend...
2026-07-03 13:08:44 Backend started successfully.
2026-07-03 21:56:17 Backend guard started.
2026-07-03 21:56:19 Backend health failed. Starting backend...
2026-07-03 21:56:24 Backend started successfully.
2026-07-04 08:07:17 Backend guard started.
2026-07-04 08:07:19 Backend health failed. Starting backend...
2026-07-04 08:07:24 Backend started successfully.
2026-07-05 05:56:09 Backend guard started.
2026-07-05 05:56:11 Backend health failed. Starting backend...
2026-07-05 05:56:16 Backend started successfully.
2026-07-05 12:38:27 Backend guard started.
2026-07-05 12:38:29 Backend health failed. Starting backend...
2026-07-05 12:38:34 Backend started successfully.
2026-07-05 17:24:58 Backend guard started.
2026-07-05 17:25:00 Backend health failed. Starting backend...
2026-07-05 17:25:05 Backend started successfully.
2026-07-06 06:41:22 Backend guard started.
2026-07-06 06:41:26 Backend health failed. Starting backend...
2026-07-06 17:44:42 Backend guard started.
2026-07-06 17:44:44 Backend health failed. Starting backend...
2026-07-06 17:44:51 Backend started successfully.
2026-07-06 22:31:24 Backend guard started.
2026-07-06 22:31:28 Backend health failed. Starting backend...
2026-07-06 22:31:35 Backend started successfully.
2026-07-06 23:18:25 Backend guard started.
2026-07-06 23:18:29 Backend health failed. Starting backend...
2026-07-07 07:17:45 Backend guard started.
2026-07-07 07:17:50 Backend health failed. Starting backend...
2026-07-07 07:46:50 Backend guard started.
2026-07-07 07:46:54 Backend health failed. Starting backend...
2026-07-07 07:47:02 Backend started successfully.
2026-07-07 11:51:11 Backend guard started.
2026-07-07 11:51:13 Backend health failed. Starting backend...
2026-07-07 11:51:18 Backend started successfully.
2026-07-07 15:10:55 Backend guard started.
2026-07-07 15:10:57 Backend health failed. Starting backend...
2026-07-07 15:11:02 Backend started successfully.
2026-07-07 22:09:27 Backend guard started.
2026-07-07 22:09:29 Backend health failed. Starting backend...
2026-07-07 22:09:35 Backend started successfully.
2026-07-08 06:49:04 Backend guard started.
2026-07-08 06:49:06 Backend health failed. Starting backend...
2026-07-08 06:49:11 Backend started successfully.
2026-07-08 18:40:00 Backend guard started.
2026-07-08 18:40:03 Backend health failed. Starting backend...
2026-07-08 18:40:06 Backend started successfully.
2026-07-09 06:17:09 Backend guard started.
2026-07-09 06:17:11 Backend health failed. Starting backend...
2026-07-09 06:17:16 Backend started successfully.
2026-07-09 23:50:03 Backend guard started.
2026-07-09 23:50:07 Backend health failed. Starting backend...
2026-07-10 03:17:28 Backend health failed. Starting backend...
2026-07-10 03:17:37 ERROR backend did not respond after start.
2026-07-10 03:18:12 Backend health failed. Starting backend...
2026-07-10 10:40:19 Backend guard started.
2026-07-10 10:40:23 Backend health failed. Starting backend...
2026-07-10 10:40:30 Backend started successfully.
2026-07-10 19:22:53 Backend guard started.
2026-07-10 19:22:55 Backend health failed. Starting backend...
2026-07-10 19:23:00 Backend started successfully.
2026-07-11 07:50:44 Backend guard started.
2026-07-11 07:50:46 Backend health failed. Starting backend...
2026-07-11 07:50:52 Backend started successfully.
2026-07-11 15:12:57 Backend guard started.
2026-07-11 15:12:59 Backend health failed. Starting backend...
2026-07-11 15:13:04 Backend started successfully.
2026-07-11 17:36:32 Backend guard started.
2026-07-11 17:36:36 Backend health failed. Starting backend...
2026-07-11 17:36:43 Backend started successfully.
2026-07-11 23:21:53 Backend guard started.
2026-07-11 23:21:55 Backend health failed. Starting backend...
2026-07-11 23:22:00 Backend started successfully.
2026-07-12 00:24:49 Backend guard started.
2026-07-12 00:24:51 Backend health failed. Starting backend...
2026-07-12 00:24:56 Backend started successfully.
2026-07-12 01:03:42 Backend guard started.
2026-07-12 01:03:44 Backend health failed. Starting backend...
2026-07-12 01:03:50 Backend started successfully.
2026-07-12 09:44:05 Backend guard started.
2026-07-12 09:44:07 Backend health failed. Starting backend...
2026-07-12 09:44:12 Backend started successfully.
